<html>
<body>
<pre>
<h1>µVision Build Log</h1>
<h2>Tool Versions:</h2>
IDE-Version: ¦ÌVision V5.38.0.0
Copyright (C) 2022 ARM Ltd and ARM Germany GmbH. All rights reserved.
License Information: 1 Lenovo, 1, LIC=MPPLD-84V99-SB7EJ-UGV6F-K4DUW-TZS28
 
Tool Versions:
Toolchain:       MDK-ARM Plus  Version: 5.38.0.0
Toolchain Path:  D:\Keil_v5\Keil5\ARM\AC5\Bin
C Compiler:      Armcc.exe V5.06 update 7 (build 960)
Assembler:       Armasm.exe V5.06 update 7 (build 960)
Linker/Locator:  ArmLink.exe V5.06 update 7 (build 960)
Library Manager: ArmAr.exe V5.06 update 7 (build 960)
Hex Converter:   FromElf.exe V5.06 update 7 (build 960)
CPU DLL:         SARMCM3.DLL V5.38.0.0
Dialog DLL:      DCM.DLL V1.17.5.0
Target DLL:      STLink\ST-LINKIII-KEIL_SWO.dll V3.1.0.0
Dialog DLL:      TCM.DLL V1.56.4.0
 
<h2>Project:</h2>
D:\my STM32CubeMX project\Motor\MDK-ARM\Motor.uvprojx
Project File Date:  10/02/2023

<h2>Output:</h2>
*** Using Compiler 'V5.06 update 7 (build 960)', folder: 'D:\Keil_v5\Keil5\ARM\AC5\Bin'
Rebuild target 'Motor'
assembling startup_stm32f427xx.s...
compiling pid.c...
../Core/Inc/pid.h(19): warning:  #1-D: last line of file ends without a newline
  #endif
..\Core\Src\pid.c(38): warning:  #1-D: last line of file ends without a newline
  }
..\Core\Src\pid.c: 2 warnings, 0 errors
compiling stm32f4xx_hal_msp.c...
compiling gpio.c...
compiling can.c...
../Core/Src/can.c(25): warning:  #177-D: variable "can_rx_message"  was declared but never referenced
  static CAN_TxHeaderTypeDef can_rx_message;
../Core/Src/can.c: 1 warning, 0 errors
compiling stm32f4xx_hal_flash_ex.c...
compiling main.c...
../Core/Inc/pid.h(19): warning:  #1-D: last line of file ends without a newline
  #endif
../Core/Src/main.c: 1 warning, 0 errors
compiling stm32f4xx_hal_can.c...
compiling stm32f4xx_it.c...
compiling stm32f4xx_hal_flash.c...
compiling stm32f4xx_hal_rcc.c...
compiling stm32f4xx_hal_rcc_ex.c...
compiling stm32f4xx_hal_tim_ex.c...
compiling stm32f4xx_hal.c...
compiling stm32f4xx_hal_gpio.c...
compiling stm32f4xx_hal_flash_ramfunc.c...
compiling stm32f4xx_hal_dma.c...
compiling stm32f4xx_hal_pwr.c...
compiling stm32f4xx_hal_tim.c...
compiling stm32f4xx_hal_pwr_ex.c...
compiling stm32f4xx_hal_exti.c...
compiling stm32f4xx_hal_cortex.c...
compiling stm32f4xx_hal_dma_ex.c...
compiling system_stm32f4xx.c...
linking...
Program Size: Code=5254 RO-data=478 RW-data=24 ZI-data=1696  
FromELF: creating hex file...
"Motor\Motor.axf" - 0 Error(s), 4 Warning(s).

<h2>Software Packages used:</h2>

Package Vendor: ARM
                http://www.keil.com/pack/ARM.CMSIS.5.9.0.pack
                ARM.CMSIS.5.9.0
                CMSIS (Common Microcontroller Software Interface Standard)
   * Component: CORE Version: 5.6.0

Package Vendor: Keil
                https://www.keil.com/pack/Keil.STM32F4xx_DFP.2.17.1.pack
                Keil.STM32F4xx_DFP.2.17.1
                STMicroelectronics STM32F4 Series Device Support, Drivers and Examples

<h2>Collection of Component include folders:</h2>
  ./RTE/_Motor
  D:/Keil_v5/Keil5 Pack/ARM/CMSIS/5.9.0/CMSIS/Core/Include
  D:/Keil_v5/Keil5 Pack/Keil/STM32F4xx_DFP/2.17.1/Drivers/CMSIS/Device/ST/STM32F4xx/Include

<h2>Collection of Component Files used:</h2>

   * Component: ARM::CMSIS:CORE:5.6.0
      Include file:  CMSIS/Core/Include/tz_context.h
Build Time Elapsed:  00:00:15
</pre>
</body>
</html>
